c:\a9md26\cufe\4-spring-2025\data structures and algorithms\project\new folder\phy_center\phy_center\x64\debug\vc143.pdb
c:\a9md26\cufe\4-spring-2025\data structures and algorithms\project\new folder\phy_center\phy_center\x64\debug\vc143.idb
c:\a9md26\cufe\4-spring-2025\data structures and algorithms\project\new folder\phy_center\phy_center\x64\debug\xtherapy.obj
c:\a9md26\cufe\4-spring-2025\data structures and algorithms\project\new folder\phy_center\phy_center\x64\debug\utherapy.obj
c:\a9md26\cufe\4-spring-2025\data structures and algorithms\project\new folder\phy_center\phy_center\x64\debug\udevice.obj
c:\a9md26\cufe\4-spring-2025\data structures and algorithms\project\new folder\phy_center\phy_center\x64\debug\treatment.obj
c:\a9md26\cufe\4-spring-2025\data structures and algorithms\project\new folder\phy_center\phy_center\x64\debug\stackadt.obj
c:\a9md26\cufe\4-spring-2025\data structures and algorithms\project\new folder\phy_center\phy_center\x64\debug\schedular.obj
c:\a9md26\cufe\4-spring-2025\data structures and algorithms\project\new folder\phy_center\phy_center\x64\debug\resource.obj
c:\a9md26\cufe\4-spring-2025\data structures and algorithms\project\new folder\phy_center\phy_center\x64\debug\queueadt.obj
c:\a9md26\cufe\4-spring-2025\data structures and algorithms\project\new folder\phy_center\phy_center\x64\debug\priqueue.obj
c:\a9md26\cufe\4-spring-2025\data structures and algorithms\project\new folder\phy_center\phy_center\x64\debug\prinode.obj
c:\a9md26\cufe\4-spring-2025\data structures and algorithms\project\new folder\phy_center\phy_center\x64\debug\patient.obj
c:\a9md26\cufe\4-spring-2025\data structures and algorithms\project\new folder\phy_center\phy_center\x64\debug\node.obj
c:\a9md26\cufe\4-spring-2025\data structures and algorithms\project\new folder\phy_center\phy_center\x64\debug\mian.obj
c:\a9md26\cufe\4-spring-2025\data structures and algorithms\project\new folder\phy_center\phy_center\x64\debug\linkedqueue.obj
c:\a9md26\cufe\4-spring-2025\data structures and algorithms\project\new folder\phy_center\phy_center\x64\debug\gymroom.obj
c:\a9md26\cufe\4-spring-2025\data structures and algorithms\project\new folder\phy_center\phy_center\x64\debug\eu_waitlist.obj
c:\a9md26\cufe\4-spring-2025\data structures and algorithms\project\new folder\phy_center\phy_center\x64\debug\etherapy.obj
c:\a9md26\cufe\4-spring-2025\data structures and algorithms\project\new folder\phy_center\phy_center\x64\debug\edevice.obj
c:\a9md26\cufe\4-spring-2025\data structures and algorithms\project\new folder\phy_center\phy_center\x64\debug\earlyplist.obj
c:\a9md26\cufe\4-spring-2025\data structures and algorithms\project\new folder\phy_center\phy_center\x64\debug\arraystack.obj
c:\a9md26\cufe\4-spring-2025\data structures and algorithms\project\new folder\phy_center\phy_center\x64\debug\x_waitlist.obj
c:\a9md26\cufe\4-spring-2025\data structures and algorithms\project\new folder\phy_center\phy_center\x64\debug\phy_center.tlog\cl.command.1.tlog
c:\a9md26\cufe\4-spring-2025\data structures and algorithms\project\new folder\phy_center\phy_center\x64\debug\phy_center.tlog\cl.read.1.tlog
c:\a9md26\cufe\4-spring-2025\data structures and algorithms\project\new folder\phy_center\phy_center\x64\debug\phy_center.tlog\cl.write.1.tlog
c:\a9md26\cufe\4-spring-2025\data structures and algorithms\project\new folder\phy_center\phy_center\x64\debug\phy_center.tlog\link.command.1.tlog
c:\a9md26\cufe\4-spring-2025\data structures and algorithms\project\new folder\phy_center\phy_center\x64\debug\phy_center.tlog\link.read.1.tlog
c:\a9md26\cufe\4-spring-2025\data structures and algorithms\project\new folder\phy_center\phy_center\x64\debug\phy_center.tlog\link.write.1.tlog
